// Jest Snapshot v1, https://goo.gl/fbAQLP

exports[`Puebas en <HookApp /> Debe coincidir con el snapshot 1`] = `
<div>
  <h1>
    Hook App
  </h1>
</div>
`;
